<?xml version="1.0" encoding="UTF-8"?>
<component name="libraryTable">
  <library name="org.junit.jupiter:junit-jupiter:5.13.4">
    <CLASSES>
      <root url="jar://${WS}/store/org/junit/jupiter/junit-jupiter/5.13.4/junit-jupiter-5.13.4.jar!/" />
    </CLASSES>
    <JAVADOC />
    <SOURCES>
    </SOURCES>
  </library>
</component>
