{
  "version": "2.0.0",
  "tasks": [
    {
      "label": "jk: test",
      "type": "shell",
      "command": "jk test",
      "group": "test",
      "presentation": { "reveal": "always", "panel": "shared" },
      "problemMatcher": []
    },
    {
      "label": "jk: test all",
      "type": "shell",
      "command": "jk test --all",
      "group": "test",
      "presentation": { "reveal": "always", "panel": "shared" },
      "problemMatcher": []
    },
    {
      "label": "jk: test · integration",
      "type": "shell",
      "command": "jk test --suite integration",
      "group": "test",
      "presentation": { "reveal": "always", "panel": "shared" },
      "problemMatcher": []
    }
  ]
}
