<?xml version="1.0" encoding="UTF-8"?>
<classpath>
  <classpathentry kind="src" path="src" output="target/jdt/classes/main"/>
  <classpathentry kind="src" path="resources" output="target/jdt/classes/main"/>
  <classpathentry kind="src" path="test/src" output="target/jdt/classes/test" test="true"/>
  <classpathentry kind="src" path="test/resources" output="target/jdt/classes/test" test="true"/>
  <classpathentry kind="src" path="guard/src" output="target/jdt/classes/test" test="true"/>
  <classpathentry kind="src" path="target/generated-sources/annotations" output="target/jdt/classes/main"/>
  <classpathentry kind="src" path="target/generated-sources/annotations-test" output="target/jdt/classes/test" test="true"/>
  <classpathentry combineaccessrules="false" kind="src" path="/acme-core"/>
  <classpathentry kind="lib" path="${WS}/core/target/test-classes" test="true"/>
  <classpathentry kind="con" path="org.eclipse.jdt.launching.JRE_CONTAINER/org.eclipse.jdt.internal.debug.ui.launcher.StandardVMType/JavaSE-25"/>
  <classpathentry kind="lib" path="${WS}/store/org/slf4j/slf4j-api/2.0.17/slf4j-api-2.0.17.jar" sourcepath="${WS}/store/org/slf4j/slf4j-api/2.0.17/slf4j-api-2.0.17-sources.jar"/>
  <classpathentry kind="lib" path="${WS}/store/org/junit/jupiter/junit-jupiter/5.13.4/junit-jupiter-5.13.4.jar">
    <attributes>
      <attribute name="test" value="true"/>
    </attributes>
  </classpathentry>
  <classpathentry kind="lib" path="${WS}/store/org/projectlombok/lombok/1.18.40/lombok-1.18.40.jar"/>
  <classpathentry kind="output" path="target/jdt/classes/main"/>
</classpath>
